<?xml version="1.0"?>
<ArrayOfTileGraphic xmlns:xsi="http://www.w3.org/2001/XMLSchema-instance" xmlns:xsd="http://www.w3.org/2001/XMLSchema">
  <TileGraphic>
    <XPos>5</XPos>
    <YPos>4</YPos>
    <ManagerCamera />
    <ZPos>0</ZPos>
    <TileFrames>
      <TileFrame>
        <TextureXPos>6</TextureXPos>
        <TextureYPos>10</TextureYPos>
      </TileFrame>
    </TileFrames>
    <AnimationSpeed>0</AnimationSpeed>
    <TextureName>overworld_tiles</TextureName>
  </TileGraphic>
  <TileGraphic>
    <XPos>5</XPos>
    <YPos>3</YPos>
    <ManagerCamera />
    <ZPos>0</ZPos>
    <TileFrames>
      <TileFrame>
        <TextureXPos>6</TextureXPos>
        <TextureYPos>10</TextureYPos>
      </TileFrame>
    </TileFrames>
    <AnimationSpeed>0</AnimationSpeed>
    <TextureName>overworld_tiles</TextureName>
  </TileGraphic>
  <TileGraphic>
    <XPos>6</XPos>
    <YPos>3</YPos>
    <ManagerCamera />
    <ZPos>0</ZPos>
    <TileFrames>
      <TileFrame>
        <TextureXPos>6</TextureXPos>
        <TextureYPos>10</TextureYPos>
      </TileFrame>
    </TileFrames>
    <AnimationSpeed>0</AnimationSpeed>
    <TextureName>overworld_tiles</TextureName>
  </TileGraphic>
  <TileGraphic>
    <XPos>6</XPos>
    <YPos>4</YPos>
    <ManagerCamera />
    <ZPos>0</ZPos>
    <TileFrames>
      <TileFrame>
        <TextureXPos>6</TextureXPos>
        <TextureYPos>10</TextureYPos>
      </TileFrame>
    </TileFrames>
    <AnimationSpeed>0</AnimationSpeed>
    <TextureName>overworld_tiles</TextureName>
  </TileGraphic>
  <TileGraphic>
    <XPos>7</XPos>
    <YPos>4</YPos>
    <ManagerCamera />
    <ZPos>0</ZPos>
    <TileFrames>
      <TileFrame>
        <TextureXPos>6</TextureXPos>
        <TextureYPos>10</TextureYPos>
      </TileFrame>
    </TileFrames>
    <AnimationSpeed>0</AnimationSpeed>
    <TextureName>overworld_tiles</TextureName>
  </TileGraphic>
  <TileGraphic>
    <XPos>8</XPos>
    <YPos>4</YPos>
    <ManagerCamera />
    <ZPos>0</ZPos>
    <TileFrames>
      <TileFrame>
        <TextureXPos>6</TextureXPos>
        <TextureYPos>10</TextureYPos>
      </TileFrame>
    </TileFrames>
    <AnimationSpeed>0</AnimationSpeed>
    <TextureName>overworld_tiles</TextureName>
  </TileGraphic>
  <TileGraphic>
    <XPos>8</XPos>
    <YPos>3</YPos>
    <ManagerCamera />
    <ZPos>0</ZPos>
    <TileFrames>
      <TileFrame>
        <TextureXPos>6</TextureXPos>
        <TextureYPos>10</TextureYPos>
      </TileFrame>
    </TileFrames>
    <AnimationSpeed>0</AnimationSpeed>
    <TextureName>overworld_tiles</TextureName>
  </TileGraphic>
  <TileGraphic>
    <XPos>5</XPos>
    <YPos>1</YPos>
    <ManagerCamera />
    <ZPos>0</ZPos>
    <TileFrames>
      <TileFrame>
        <TextureXPos>6</TextureXPos>
        <TextureYPos>10</TextureYPos>
      </TileFrame>
    </TileFrames>
    <AnimationSpeed>0</AnimationSpeed>
    <TextureName>overworld_tiles</TextureName>
  </TileGraphic>
  <TileGraphic>
    <XPos>6</XPos>
    <YPos>1</YPos>
    <ManagerCamera />
    <ZPos>0</ZPos>
    <TileFrames>
      <TileFrame>
        <TextureXPos>6</TextureXPos>
        <TextureYPos>10</TextureYPos>
      </TileFrame>
    </TileFrames>
    <AnimationSpeed>0</AnimationSpeed>
    <TextureName>overworld_tiles</TextureName>
  </TileGraphic>
  <TileGraphic>
    <XPos>7</XPos>
    <YPos>1</YPos>
    <ManagerCamera />
    <ZPos>0</ZPos>
    <TileFrames>
      <TileFrame>
        <TextureXPos>6</TextureXPos>
        <TextureYPos>10</TextureYPos>
      </TileFrame>
    </TileFrames>
    <AnimationSpeed>0</AnimationSpeed>
    <TextureName>overworld_tiles</TextureName>
  </TileGraphic>
  <TileGraphic>
    <XPos>5</XPos>
    <YPos>7</YPos>
    <ManagerCamera />
    <ZPos>0</ZPos>
    <TileFrames>
      <TileFrame>
        <TextureXPos>6</TextureXPos>
        <TextureYPos>10</TextureYPos>
      </TileFrame>
    </TileFrames>
    <AnimationSpeed>0</AnimationSpeed>
    <TextureName>overworld_tiles</TextureName>
  </TileGraphic>
  <TileGraphic>
    <XPos>4</XPos>
    <YPos>7</YPos>
    <ManagerCamera />
    <ZPos>0</ZPos>
    <TileFrames>
      <TileFrame>
        <TextureXPos>6</TextureXPos>
        <TextureYPos>10</TextureYPos>
      </TileFrame>
    </TileFrames>
    <AnimationSpeed>0</AnimationSpeed>
    <TextureName>overworld_tiles</TextureName>
  </TileGraphic>
  <TileGraphic>
    <XPos>1</XPos>
    <YPos>6</YPos>
    <ManagerCamera />
    <ZPos>0</ZPos>
    <TileFrames>
      <TileFrame>
        <TextureXPos>6</TextureXPos>
        <TextureYPos>10</TextureYPos>
      </TileFrame>
    </TileFrames>
    <AnimationSpeed>0</AnimationSpeed>
    <TextureName>overworld_tiles</TextureName>
  </TileGraphic>
  <TileGraphic>
    <XPos>6</XPos>
    <YPos>6</YPos>
    <ManagerCamera />
    <ZPos>0</ZPos>
    <TileFrames>
      <TileFrame>
        <TextureXPos>6</TextureXPos>
        <TextureYPos>10</TextureYPos>
      </TileFrame>
    </TileFrames>
    <AnimationSpeed>0</AnimationSpeed>
    <TextureName>overworld_tiles</TextureName>
  </TileGraphic>
  <TileGraphic>
    <XPos>7</XPos>
    <YPos>6</YPos>
    <ManagerCamera />
    <ZPos>0</ZPos>
    <TileFrames>
      <TileFrame>
        <TextureXPos>6</TextureXPos>
        <TextureYPos>10</TextureYPos>
      </TileFrame>
    </TileFrames>
    <AnimationSpeed>0</AnimationSpeed>
    <TextureName>overworld_tiles</TextureName>
  </TileGraphic>
  <TileGraphic>
    <XPos>8</XPos>
    <YPos>6</YPos>
    <ManagerCamera />
    <ZPos>0</ZPos>
    <TileFrames>
      <TileFrame>
        <TextureXPos>6</TextureXPos>
        <TextureYPos>10</TextureYPos>
      </TileFrame>
    </TileFrames>
    <AnimationSpeed>0</AnimationSpeed>
    <TextureName>overworld_tiles</TextureName>
  </TileGraphic>
  <TileGraphic>
    <XPos>4</XPos>
    <YPos>5</YPos>
    <ManagerCamera />
    <ZPos>0</ZPos>
    <TileFrames>
      <TileFrame>
        <TextureXPos>6</TextureXPos>
        <TextureYPos>10</TextureYPos>
      </TileFrame>
    </TileFrames>
    <AnimationSpeed>0</AnimationSpeed>
    <TextureName>overworld_tiles</TextureName>
  </TileGraphic>
  <TileGraphic>
    <XPos>3</XPos>
    <YPos>5</YPos>
    <ManagerCamera />
    <ZPos>0</ZPos>
    <TileFrames>
      <TileFrame>
        <TextureXPos>6</TextureXPos>
        <TextureYPos>10</TextureYPos>
      </TileFrame>
    </TileFrames>
    <AnimationSpeed>0</AnimationSpeed>
    <TextureName>overworld_tiles</TextureName>
  </TileGraphic>
  <TileGraphic>
    <XPos>2</XPos>
    <YPos>5</YPos>
    <ManagerCamera />
    <ZPos>0</ZPos>
    <TileFrames>
      <TileFrame>
        <TextureXPos>6</TextureXPos>
        <TextureYPos>10</TextureYPos>
      </TileFrame>
    </TileFrames>
    <AnimationSpeed>0</AnimationSpeed>
    <TextureName>overworld_tiles</TextureName>
  </TileGraphic>
  <TileGraphic>
    <XPos>1</XPos>
    <YPos>5</YPos>
    <ManagerCamera />
    <ZPos>0</ZPos>
    <TileFrames>
      <TileFrame>
        <TextureXPos>6</TextureXPos>
        <TextureYPos>10</TextureYPos>
      </TileFrame>
    </TileFrames>
    <AnimationSpeed>0</AnimationSpeed>
    <TextureName>overworld_tiles</TextureName>
  </TileGraphic>
  <TileGraphic>
    <XPos>2</XPos>
    <YPos>6</YPos>
    <ManagerCamera />
    <ZPos>0</ZPos>
    <TileFrames>
      <TileFrame>
        <TextureXPos>6</TextureXPos>
        <TextureYPos>10</TextureYPos>
      </TileFrame>
    </TileFrames>
    <AnimationSpeed>0</AnimationSpeed>
    <TextureName>overworld_tiles</TextureName>
  </TileGraphic>
  <TileGraphic>
    <XPos>3</XPos>
    <YPos>6</YPos>
    <ManagerCamera />
    <ZPos>0</ZPos>
    <TileFrames>
      <TileFrame>
        <TextureXPos>6</TextureXPos>
        <TextureYPos>10</TextureYPos>
      </TileFrame>
    </TileFrames>
    <AnimationSpeed>0</AnimationSpeed>
    <TextureName>overworld_tiles</TextureName>
  </TileGraphic>
  <TileGraphic>
    <XPos>4</XPos>
    <YPos>6</YPos>
    <ManagerCamera />
    <ZPos>0</ZPos>
    <TileFrames>
      <TileFrame>
        <TextureXPos>6</TextureXPos>
        <TextureYPos>10</TextureYPos>
      </TileFrame>
    </TileFrames>
    <AnimationSpeed>0</AnimationSpeed>
    <TextureName>overworld_tiles</TextureName>
  </TileGraphic>
  <TileGraphic>
    <XPos>5</XPos>
    <YPos>6</YPos>
    <ManagerCamera />
    <ZPos>0</ZPos>
    <TileFrames>
      <TileFrame>
        <TextureXPos>6</TextureXPos>
        <TextureYPos>10</TextureYPos>
      </TileFrame>
    </TileFrames>
    <AnimationSpeed>0</AnimationSpeed>
    <TextureName>overworld_tiles</TextureName>
  </TileGraphic>
  <TileGraphic>
    <XPos>5</XPos>
    <YPos>5</YPos>
    <ManagerCamera />
    <ZPos>0</ZPos>
    <TileFrames>
      <TileFrame>
        <TextureXPos>6</TextureXPos>
        <TextureYPos>10</TextureYPos>
      </TileFrame>
    </TileFrames>
    <AnimationSpeed>0</AnimationSpeed>
    <TextureName>overworld_tiles</TextureName>
  </TileGraphic>
  <TileGraphic>
    <XPos>6</XPos>
    <YPos>5</YPos>
    <ManagerCamera />
    <ZPos>0</ZPos>
    <TileFrames>
      <TileFrame>
        <TextureXPos>6</TextureXPos>
        <TextureYPos>10</TextureYPos>
      </TileFrame>
    </TileFrames>
    <AnimationSpeed>0</AnimationSpeed>
    <TextureName>overworld_tiles</TextureName>
  </TileGraphic>
  <TileGraphic>
    <XPos>7</XPos>
    <YPos>5</YPos>
    <ManagerCamera />
    <ZPos>0</ZPos>
    <TileFrames>
      <TileFrame>
        <TextureXPos>6</TextureXPos>
        <TextureYPos>10</TextureYPos>
      </TileFrame>
    </TileFrames>
    <AnimationSpeed>0</AnimationSpeed>
    <TextureName>overworld_tiles</TextureName>
  </TileGraphic>
  <TileGraphic>
    <XPos>8</XPos>
    <YPos>5</YPos>
    <ManagerCamera />
    <ZPos>0</ZPos>
    <TileFrames>
      <TileFrame>
        <TextureXPos>6</TextureXPos>
        <TextureYPos>10</TextureYPos>
      </TileFrame>
    </TileFrames>
    <AnimationSpeed>0</AnimationSpeed>
    <TextureName>overworld_tiles</TextureName>
  </TileGraphic>
  <TileGraphic>
    <XPos>8</XPos>
    <YPos>1</YPos>
    <ManagerCamera />
    <ZPos>0</ZPos>
    <TileFrames>
      <TileFrame>
        <TextureXPos>6</TextureXPos>
        <TextureYPos>10</TextureYPos>
      </TileFrame>
    </TileFrames>
    <AnimationSpeed>0</AnimationSpeed>
    <TextureName>overworld_tiles</TextureName>
  </TileGraphic>
  <TileGraphic>
    <XPos>8</XPos>
    <YPos>2</YPos>
    <ManagerCamera />
    <ZPos>0</ZPos>
    <TileFrames>
      <TileFrame>
        <TextureXPos>6</TextureXPos>
        <TextureYPos>10</TextureYPos>
      </TileFrame>
    </TileFrames>
    <AnimationSpeed>0</AnimationSpeed>
    <TextureName>overworld_tiles</TextureName>
  </TileGraphic>
  <TileGraphic>
    <XPos>6</XPos>
    <YPos>2</YPos>
    <ManagerCamera />
    <ZPos>0</ZPos>
    <TileFrames>
      <TileFrame>
        <TextureXPos>6</TextureXPos>
        <TextureYPos>10</TextureYPos>
      </TileFrame>
    </TileFrames>
    <AnimationSpeed>0</AnimationSpeed>
    <TextureName>overworld_tiles</TextureName>
  </TileGraphic>
  <TileGraphic>
    <XPos>5</XPos>
    <YPos>2</YPos>
    <ManagerCamera />
    <ZPos>0</ZPos>
    <TileFrames>
      <TileFrame>
        <TextureXPos>6</TextureXPos>
        <TextureYPos>10</TextureYPos>
      </TileFrame>
    </TileFrames>
    <AnimationSpeed>0</AnimationSpeed>
    <TextureName>overworld_tiles</TextureName>
  </TileGraphic>
  <TileGraphic>
    <XPos>4</XPos>
    <YPos>1</YPos>
    <ManagerCamera />
    <ZPos>0</ZPos>
    <TileFrames>
      <TileFrame>
        <TextureXPos>6</TextureXPos>
        <TextureYPos>10</TextureYPos>
      </TileFrame>
    </TileFrames>
    <AnimationSpeed>0</AnimationSpeed>
    <TextureName>overworld_tiles</TextureName>
  </TileGraphic>
  <TileGraphic>
    <XPos>3</XPos>
    <YPos>1</YPos>
    <ManagerCamera />
    <ZPos>0</ZPos>
    <TileFrames>
      <TileFrame>
        <TextureXPos>6</TextureXPos>
        <TextureYPos>10</TextureYPos>
      </TileFrame>
    </TileFrames>
    <AnimationSpeed>0</AnimationSpeed>
    <TextureName>overworld_tiles</TextureName>
  </TileGraphic>
  <TileGraphic>
    <XPos>1</XPos>
    <YPos>1</YPos>
    <ManagerCamera />
    <ZPos>0</ZPos>
    <TileFrames>
      <TileFrame>
        <TextureXPos>6</TextureXPos>
        <TextureYPos>10</TextureYPos>
      </TileFrame>
    </TileFrames>
    <AnimationSpeed>0</AnimationSpeed>
    <TextureName>overworld_tiles</TextureName>
  </TileGraphic>
  <TileGraphic>
    <XPos>1</XPos>
    <YPos>2</YPos>
    <ManagerCamera />
    <ZPos>0</ZPos>
    <TileFrames>
      <TileFrame>
        <TextureXPos>6</TextureXPos>
        <TextureYPos>10</TextureYPos>
      </TileFrame>
    </TileFrames>
    <AnimationSpeed>0</AnimationSpeed>
    <TextureName>overworld_tiles</TextureName>
  </TileGraphic>
  <TileGraphic>
    <XPos>2</XPos>
    <YPos>2</YPos>
    <ManagerCamera />
    <ZPos>0</ZPos>
    <TileFrames>
      <TileFrame>
        <TextureXPos>6</TextureXPos>
        <TextureYPos>10</TextureYPos>
      </TileFrame>
    </TileFrames>
    <AnimationSpeed>0</AnimationSpeed>
    <TextureName>overworld_tiles</TextureName>
  </TileGraphic>
  <TileGraphic>
    <XPos>2</XPos>
    <YPos>1</YPos>
    <ManagerCamera />
    <ZPos>0</ZPos>
    <TileFrames>
      <TileFrame>
        <TextureXPos>6</TextureXPos>
        <TextureYPos>10</TextureYPos>
      </TileFrame>
    </TileFrames>
    <AnimationSpeed>0</AnimationSpeed>
    <TextureName>overworld_tiles</TextureName>
  </TileGraphic>
  <TileGraphic>
    <XPos>1</XPos>
    <YPos>3</YPos>
    <ManagerCamera />
    <ZPos>0</ZPos>
    <TileFrames>
      <TileFrame>
        <TextureXPos>6</TextureXPos>
        <TextureYPos>10</TextureYPos>
      </TileFrame>
    </TileFrames>
    <AnimationSpeed>0</AnimationSpeed>
    <TextureName>overworld_tiles</TextureName>
  </TileGraphic>
  <TileGraphic>
    <XPos>3</XPos>
    <YPos>4</YPos>
    <ManagerCamera />
    <ZPos>0</ZPos>
    <TileFrames>
      <TileFrame>
        <TextureXPos>6</TextureXPos>
        <TextureYPos>10</TextureYPos>
      </TileFrame>
    </TileFrames>
    <AnimationSpeed>0</AnimationSpeed>
    <TextureName>overworld_tiles</TextureName>
  </TileGraphic>
  <TileGraphic>
    <XPos>4</XPos>
    <YPos>4</YPos>
    <ManagerCamera />
    <ZPos>0</ZPos>
    <TileFrames>
      <TileFrame>
        <TextureXPos>6</TextureXPos>
        <TextureYPos>10</TextureYPos>
      </TileFrame>
    </TileFrames>
    <AnimationSpeed>0</AnimationSpeed>
    <TextureName>overworld_tiles</TextureName>
  </TileGraphic>
  <TileGraphic>
    <XPos>4</XPos>
    <YPos>3</YPos>
    <ManagerCamera />
    <ZPos>0</ZPos>
    <TileFrames>
      <TileFrame>
        <TextureXPos>6</TextureXPos>
        <TextureYPos>10</TextureYPos>
      </TileFrame>
    </TileFrames>
    <AnimationSpeed>0</AnimationSpeed>
    <TextureName>overworld_tiles</TextureName>
  </TileGraphic>
  <TileGraphic>
    <XPos>4</XPos>
    <YPos>2</YPos>
    <ManagerCamera />
    <ZPos>0</ZPos>
    <TileFrames>
      <TileFrame>
        <TextureXPos>6</TextureXPos>
        <TextureYPos>10</TextureYPos>
      </TileFrame>
    </TileFrames>
    <AnimationSpeed>0</AnimationSpeed>
    <TextureName>overworld_tiles</TextureName>
  </TileGraphic>
  <TileGraphic>
    <XPos>3</XPos>
    <YPos>2</YPos>
    <ManagerCamera />
    <ZPos>0</ZPos>
    <TileFrames>
      <TileFrame>
        <TextureXPos>6</TextureXPos>
        <TextureYPos>10</TextureYPos>
      </TileFrame>
    </TileFrames>
    <AnimationSpeed>0</AnimationSpeed>
    <TextureName>overworld_tiles</TextureName>
  </TileGraphic>
  <TileGraphic>
    <XPos>3</XPos>
    <YPos>3</YPos>
    <ManagerCamera />
    <ZPos>0</ZPos>
    <TileFrames>
      <TileFrame>
        <TextureXPos>6</TextureXPos>
        <TextureYPos>10</TextureYPos>
      </TileFrame>
    </TileFrames>
    <AnimationSpeed>0</AnimationSpeed>
    <TextureName>overworld_tiles</TextureName>
  </TileGraphic>
  <TileGraphic>
    <XPos>1</XPos>
    <YPos>4</YPos>
    <ManagerCamera />
    <ZPos>0</ZPos>
    <TileFrames>
      <TileFrame>
        <TextureXPos>7</TextureXPos>
        <TextureYPos>9</TextureYPos>
      </TileFrame>
    </TileFrames>
    <AnimationSpeed>0</AnimationSpeed>
    <TextureName>overworld_tiles</TextureName>
  </TileGraphic>
  <TileGraphic>
    <XPos>2</XPos>
    <YPos>3</YPos>
    <ManagerCamera />
    <ZPos>0</ZPos>
    <TileFrames>
      <TileFrame>
        <TextureXPos>7</TextureXPos>
        <TextureYPos>9</TextureYPos>
      </TileFrame>
    </TileFrames>
    <AnimationSpeed>0</AnimationSpeed>
    <TextureName>overworld_tiles</TextureName>
  </TileGraphic>
  <TileGraphic>
    <XPos>2</XPos>
    <YPos>4</YPos>
    <ManagerCamera />
    <ZPos>0</ZPos>
    <TileFrames>
      <TileFrame>
        <TextureXPos>7</TextureXPos>
        <TextureYPos>9</TextureYPos>
      </TileFrame>
    </TileFrames>
    <AnimationSpeed>0</AnimationSpeed>
    <TextureName>overworld_tiles</TextureName>
  </TileGraphic>
  <TileGraphic>
    <XPos>7</XPos>
    <YPos>2</YPos>
    <ManagerCamera />
    <ZPos>0</ZPos>
    <TileFrames>
      <TileFrame>
        <TextureXPos>8</TextureXPos>
        <TextureYPos>9</TextureYPos>
      </TileFrame>
    </TileFrames>
    <AnimationSpeed>0</AnimationSpeed>
    <TextureName>overworld_tiles</TextureName>
  </TileGraphic>
  <TileGraphic>
    <XPos>7</XPos>
    <YPos>3</YPos>
    <ManagerCamera />
    <ZPos>0</ZPos>
    <TileFrames>
      <TileFrame>
        <TextureXPos>8</TextureXPos>
        <TextureYPos>10</TextureYPos>
      </TileFrame>
    </TileFrames>
    <AnimationSpeed>0</AnimationSpeed>
    <TextureName>overworld_tiles</TextureName>
  </TileGraphic>
  <TileGraphic>
    <XPos>0</XPos>
    <YPos>0</YPos>
    <ManagerCamera />
    <ZPos>0</ZPos>
    <TileFrames>
      <TileFrame>
        <TextureXPos>7</TextureXPos>
        <TextureYPos>9</TextureYPos>
      </TileFrame>
    </TileFrames>
    <AnimationSpeed>0</AnimationSpeed>
    <TextureName>overworld_tiles</TextureName>
  </TileGraphic>
  <TileGraphic>
    <XPos>1</XPos>
    <YPos>0</YPos>
    <ManagerCamera />
    <ZPos>0</ZPos>
    <TileFrames>
      <TileFrame>
        <TextureXPos>7</TextureXPos>
        <TextureYPos>9</TextureYPos>
      </TileFrame>
    </TileFrames>
    <AnimationSpeed>0</AnimationSpeed>
    <TextureName>overworld_tiles</TextureName>
  </TileGraphic>
  <TileGraphic>
    <XPos>2</XPos>
    <YPos>0</YPos>
    <ManagerCamera />
    <ZPos>0</ZPos>
    <TileFrames>
      <TileFrame>
        <TextureXPos>7</TextureXPos>
        <TextureYPos>9</TextureYPos>
      </TileFrame>
    </TileFrames>
    <AnimationSpeed>0</AnimationSpeed>
    <TextureName>overworld_tiles</TextureName>
  </TileGraphic>
  <TileGraphic>
    <XPos>3</XPos>
    <YPos>0</YPos>
    <ManagerCamera />
    <ZPos>0</ZPos>
    <TileFrames>
      <TileFrame>
        <TextureXPos>7</TextureXPos>
        <TextureYPos>9</TextureYPos>
      </TileFrame>
    </TileFrames>
    <AnimationSpeed>0</AnimationSpeed>
    <TextureName>overworld_tiles</TextureName>
  </TileGraphic>
  <TileGraphic>
    <XPos>4</XPos>
    <YPos>0</YPos>
    <ManagerCamera />
    <ZPos>0</ZPos>
    <TileFrames>
      <TileFrame>
        <TextureXPos>7</TextureXPos>
        <TextureYPos>9</TextureYPos>
      </TileFrame>
    </TileFrames>
    <AnimationSpeed>0</AnimationSpeed>
    <TextureName>overworld_tiles</TextureName>
  </TileGraphic>
  <TileGraphic>
    <XPos>5</XPos>
    <YPos>0</YPos>
    <ManagerCamera />
    <ZPos>0</ZPos>
    <TileFrames>
      <TileFrame>
        <TextureXPos>7</TextureXPos>
        <TextureYPos>9</TextureYPos>
      </TileFrame>
    </TileFrames>
    <AnimationSpeed>0</AnimationSpeed>
    <TextureName>overworld_tiles</TextureName>
  </TileGraphic>
  <TileGraphic>
    <XPos>6</XPos>
    <YPos>0</YPos>
    <ManagerCamera />
    <ZPos>0</ZPos>
    <TileFrames>
      <TileFrame>
        <TextureXPos>7</TextureXPos>
        <TextureYPos>9</TextureYPos>
      </TileFrame>
    </TileFrames>
    <AnimationSpeed>0</AnimationSpeed>
    <TextureName>overworld_tiles</TextureName>
  </TileGraphic>
  <TileGraphic>
    <XPos>7</XPos>
    <YPos>0</YPos>
    <ManagerCamera />
    <ZPos>0</ZPos>
    <TileFrames>
      <TileFrame>
        <TextureXPos>7</TextureXPos>
        <TextureYPos>9</TextureYPos>
      </TileFrame>
    </TileFrames>
    <AnimationSpeed>0</AnimationSpeed>
    <TextureName>overworld_tiles</TextureName>
  </TileGraphic>
  <TileGraphic>
    <XPos>8</XPos>
    <YPos>0</YPos>
    <ManagerCamera />
    <ZPos>0</ZPos>
    <TileFrames>
      <TileFrame>
        <TextureXPos>7</TextureXPos>
        <TextureYPos>9</TextureYPos>
      </TileFrame>
    </TileFrames>
    <AnimationSpeed>0</AnimationSpeed>
    <TextureName>overworld_tiles</TextureName>
  </TileGraphic>
  <TileGraphic>
    <XPos>9</XPos>
    <YPos>0</YPos>
    <ManagerCamera />
    <ZPos>0</ZPos>
    <TileFrames>
      <TileFrame>
        <TextureXPos>7</TextureXPos>
        <TextureYPos>9</TextureYPos>
      </TileFrame>
    </TileFrames>
    <AnimationSpeed>0</AnimationSpeed>
    <TextureName>overworld_tiles</TextureName>
  </TileGraphic>
  <TileGraphic>
    <XPos>9</XPos>
    <YPos>1</YPos>
    <ManagerCamera />
    <ZPos>0</ZPos>
    <TileFrames>
      <TileFrame>
        <TextureXPos>7</TextureXPos>
        <TextureYPos>9</TextureYPos>
      </TileFrame>
    </TileFrames>
    <AnimationSpeed>0</AnimationSpeed>
    <TextureName>overworld_tiles</TextureName>
  </TileGraphic>
  <TileGraphic>
    <XPos>9</XPos>
    <YPos>2</YPos>
    <ManagerCamera />
    <ZPos>0</ZPos>
    <TileFrames>
      <TileFrame>
        <TextureXPos>7</TextureXPos>
        <TextureYPos>9</TextureYPos>
      </TileFrame>
    </TileFrames>
    <AnimationSpeed>0</AnimationSpeed>
    <TextureName>overworld_tiles</TextureName>
  </TileGraphic>
  <TileGraphic>
    <XPos>9</XPos>
    <YPos>3</YPos>
    <ManagerCamera />
    <ZPos>0</ZPos>
    <TileFrames>
      <TileFrame>
        <TextureXPos>7</TextureXPos>
        <TextureYPos>9</TextureYPos>
      </TileFrame>
    </TileFrames>
    <AnimationSpeed>0</AnimationSpeed>
    <TextureName>overworld_tiles</TextureName>
  </TileGraphic>
  <TileGraphic>
    <XPos>9</XPos>
    <YPos>4</YPos>
    <ManagerCamera />
    <ZPos>0</ZPos>
    <TileFrames>
      <TileFrame>
        <TextureXPos>7</TextureXPos>
        <TextureYPos>9</TextureYPos>
      </TileFrame>
    </TileFrames>
    <AnimationSpeed>0</AnimationSpeed>
    <TextureName>overworld_tiles</TextureName>
  </TileGraphic>
  <TileGraphic>
    <XPos>9</XPos>
    <YPos>5</YPos>
    <ManagerCamera />
    <ZPos>0</ZPos>
    <TileFrames>
      <TileFrame>
        <TextureXPos>7</TextureXPos>
        <TextureYPos>9</TextureYPos>
      </TileFrame>
    </TileFrames>
    <AnimationSpeed>0</AnimationSpeed>
    <TextureName>overworld_tiles</TextureName>
  </TileGraphic>
  <TileGraphic>
    <XPos>0</XPos>
    <YPos>1</YPos>
    <ManagerCamera />
    <ZPos>0</ZPos>
    <TileFrames>
      <TileFrame>
        <TextureXPos>7</TextureXPos>
        <TextureYPos>9</TextureYPos>
      </TileFrame>
    </TileFrames>
    <AnimationSpeed>0</AnimationSpeed>
    <TextureName>overworld_tiles</TextureName>
  </TileGraphic>
  <TileGraphic>
    <XPos>0</XPos>
    <YPos>2</YPos>
    <ManagerCamera />
    <ZPos>0</ZPos>
    <TileFrames>
      <TileFrame>
        <TextureXPos>7</TextureXPos>
        <TextureYPos>9</TextureYPos>
      </TileFrame>
    </TileFrames>
    <AnimationSpeed>0</AnimationSpeed>
    <TextureName>overworld_tiles</TextureName>
  </TileGraphic>
  <TileGraphic>
    <XPos>0</XPos>
    <YPos>3</YPos>
    <ManagerCamera />
    <ZPos>0</ZPos>
    <TileFrames>
      <TileFrame>
        <TextureXPos>7</TextureXPos>
        <TextureYPos>9</TextureYPos>
      </TileFrame>
    </TileFrames>
    <AnimationSpeed>0</AnimationSpeed>
    <TextureName>overworld_tiles</TextureName>
  </TileGraphic>
  <TileGraphic>
    <XPos>0</XPos>
    <YPos>4</YPos>
    <ManagerCamera />
    <ZPos>0</ZPos>
    <TileFrames>
      <TileFrame>
        <TextureXPos>7</TextureXPos>
        <TextureYPos>9</TextureYPos>
      </TileFrame>
    </TileFrames>
    <AnimationSpeed>0</AnimationSpeed>
    <TextureName>overworld_tiles</TextureName>
  </TileGraphic>
  <TileGraphic>
    <XPos>0</XPos>
    <YPos>5</YPos>
    <ManagerCamera />
    <ZPos>0</ZPos>
    <TileFrames>
      <TileFrame>
        <TextureXPos>7</TextureXPos>
        <TextureYPos>9</TextureYPos>
      </TileFrame>
    </TileFrames>
    <AnimationSpeed>0</AnimationSpeed>
    <TextureName>overworld_tiles</TextureName>
  </TileGraphic>
  <TileGraphic>
    <XPos>0</XPos>
    <YPos>6</YPos>
    <ManagerCamera />
    <ZPos>0</ZPos>
    <TileFrames>
      <TileFrame>
        <TextureXPos>7</TextureXPos>
        <TextureYPos>9</TextureYPos>
      </TileFrame>
    </TileFrames>
    <AnimationSpeed>0</AnimationSpeed>
    <TextureName>overworld_tiles</TextureName>
  </TileGraphic>
  <TileGraphic>
    <XPos>0</XPos>
    <YPos>7</YPos>
    <ManagerCamera />
    <ZPos>0</ZPos>
    <TileFrames>
      <TileFrame>
        <TextureXPos>7</TextureXPos>
        <TextureYPos>9</TextureYPos>
      </TileFrame>
    </TileFrames>
    <AnimationSpeed>0</AnimationSpeed>
    <TextureName>overworld_tiles</TextureName>
  </TileGraphic>
  <TileGraphic>
    <XPos>1</XPos>
    <YPos>7</YPos>
    <ManagerCamera />
    <ZPos>0</ZPos>
    <TileFrames>
      <TileFrame>
        <TextureXPos>7</TextureXPos>
        <TextureYPos>9</TextureYPos>
      </TileFrame>
    </TileFrames>
    <AnimationSpeed>0</AnimationSpeed>
    <TextureName>overworld_tiles</TextureName>
  </TileGraphic>
  <TileGraphic>
    <XPos>2</XPos>
    <YPos>7</YPos>
    <ManagerCamera />
    <ZPos>0</ZPos>
    <TileFrames>
      <TileFrame>
        <TextureXPos>7</TextureXPos>
        <TextureYPos>9</TextureYPos>
      </TileFrame>
    </TileFrames>
    <AnimationSpeed>0</AnimationSpeed>
    <TextureName>overworld_tiles</TextureName>
  </TileGraphic>
  <TileGraphic>
    <XPos>3</XPos>
    <YPos>7</YPos>
    <ManagerCamera />
    <ZPos>0</ZPos>
    <TileFrames>
      <TileFrame>
        <TextureXPos>7</TextureXPos>
        <TextureYPos>9</TextureYPos>
      </TileFrame>
    </TileFrames>
    <AnimationSpeed>0</AnimationSpeed>
    <TextureName>overworld_tiles</TextureName>
  </TileGraphic>
  <TileGraphic>
    <XPos>9</XPos>
    <YPos>7</YPos>
    <ManagerCamera />
    <ZPos>0</ZPos>
    <TileFrames>
      <TileFrame>
        <TextureXPos>7</TextureXPos>
        <TextureYPos>9</TextureYPos>
      </TileFrame>
    </TileFrames>
    <AnimationSpeed>0</AnimationSpeed>
    <TextureName>overworld_tiles</TextureName>
  </TileGraphic>
  <TileGraphic>
    <XPos>8</XPos>
    <YPos>7</YPos>
    <ManagerCamera />
    <ZPos>0</ZPos>
    <TileFrames>
      <TileFrame>
        <TextureXPos>7</TextureXPos>
        <TextureYPos>9</TextureYPos>
      </TileFrame>
    </TileFrames>
    <AnimationSpeed>0</AnimationSpeed>
    <TextureName>overworld_tiles</TextureName>
  </TileGraphic>
  <TileGraphic>
    <XPos>7</XPos>
    <YPos>7</YPos>
    <ManagerCamera />
    <ZPos>0</ZPos>
    <TileFrames>
      <TileFrame>
        <TextureXPos>7</TextureXPos>
        <TextureYPos>9</TextureYPos>
      </TileFrame>
    </TileFrames>
    <AnimationSpeed>0</AnimationSpeed>
    <TextureName>overworld_tiles</TextureName>
  </TileGraphic>
  <TileGraphic>
    <XPos>6</XPos>
    <YPos>7</YPos>
    <ManagerCamera />
    <ZPos>0</ZPos>
    <TileFrames>
      <TileFrame>
        <TextureXPos>7</TextureXPos>
        <TextureYPos>9</TextureYPos>
      </TileFrame>
    </TileFrames>
    <AnimationSpeed>0</AnimationSpeed>
    <TextureName>overworld_tiles</TextureName>
  </TileGraphic>
  <TileGraphic>
    <XPos>9</XPos>
    <YPos>6</YPos>
    <ManagerCamera />
    <ZPos>0</ZPos>
    <TileFrames>
      <TileFrame>
        <TextureXPos>7</TextureXPos>
        <TextureYPos>9</TextureYPos>
      </TileFrame>
    </TileFrames>
    <AnimationSpeed>0</AnimationSpeed>
    <TextureName>overworld_tiles</TextureName>
  </TileGraphic>
  <TileGraphic>
    <XPos>6</XPos>
    <YPos>8</YPos>
    <ManagerCamera />
    <ZPos>0</ZPos>
    <TileFrames>
      <TileFrame>
        <TextureXPos>1</TextureXPos>
        <TextureYPos>6</TextureYPos>
      </TileFrame>
    </TileFrames>
    <AnimationSpeed>0</AnimationSpeed>
    <TextureName>overworld_tiles</TextureName>
  </TileGraphic>
  <TileGraphic>
    <XPos>5</XPos>
    <YPos>8</YPos>
    <ManagerCamera />
    <ZPos>0</ZPos>
    <TileFrames>
      <TileFrame>
        <TextureXPos>1</TextureXPos>
        <TextureYPos>6</TextureYPos>
      </TileFrame>
    </TileFrames>
    <AnimationSpeed>0</AnimationSpeed>
    <TextureName>overworld_tiles</TextureName>
  </TileGraphic>
  <TileGraphic>
    <XPos>4</XPos>
    <YPos>8</YPos>
    <ManagerCamera />
    <ZPos>0</ZPos>
    <TileFrames>
      <TileFrame>
        <TextureXPos>1</TextureXPos>
        <TextureYPos>6</TextureYPos>
      </TileFrame>
    </TileFrames>
    <AnimationSpeed>0</AnimationSpeed>
    <TextureName>overworld_tiles</TextureName>
  </TileGraphic>
  <TileGraphic>
    <XPos>3</XPos>
    <YPos>8</YPos>
    <ManagerCamera />
    <ZPos>0</ZPos>
    <TileFrames>
      <TileFrame>
        <TextureXPos>1</TextureXPos>
        <TextureYPos>6</TextureYPos>
      </TileFrame>
    </TileFrames>
    <AnimationSpeed>0</AnimationSpeed>
    <TextureName>overworld_tiles</TextureName>
  </TileGraphic>
  <TileGraphic>
    <XPos>1</XPos>
    <YPos>8</YPos>
    <ManagerCamera />
    <ZPos>0</ZPos>
    <TileFrames>
      <TileFrame>
        <TextureXPos>1</TextureXPos>
        <TextureYPos>6</TextureYPos>
      </TileFrame>
    </TileFrames>
    <AnimationSpeed>0</AnimationSpeed>
    <TextureName>overworld_tiles</TextureName>
  </TileGraphic>
  <TileGraphic>
    <XPos>0</XPos>
    <YPos>8</YPos>
    <ManagerCamera />
    <ZPos>0</ZPos>
    <TileFrames>
      <TileFrame>
        <TextureXPos>1</TextureXPos>
        <TextureYPos>6</TextureYPos>
      </TileFrame>
    </TileFrames>
    <AnimationSpeed>0</AnimationSpeed>
    <TextureName>overworld_tiles</TextureName>
  </TileGraphic>
  <TileGraphic>
    <XPos>0</XPos>
    <YPos>9</YPos>
    <ManagerCamera />
    <ZPos>0</ZPos>
    <TileFrames>
      <TileFrame>
        <TextureXPos>1</TextureXPos>
        <TextureYPos>6</TextureYPos>
      </TileFrame>
    </TileFrames>
    <AnimationSpeed>0</AnimationSpeed>
    <TextureName>overworld_tiles</TextureName>
  </TileGraphic>
  <TileGraphic>
    <XPos>0</XPos>
    <YPos>10</YPos>
    <ManagerCamera />
    <ZPos>0</ZPos>
    <TileFrames>
      <TileFrame>
        <TextureXPos>1</TextureXPos>
        <TextureYPos>6</TextureYPos>
      </TileFrame>
    </TileFrames>
    <AnimationSpeed>0</AnimationSpeed>
    <TextureName>overworld_tiles</TextureName>
  </TileGraphic>
  <TileGraphic>
    <XPos>1</XPos>
    <YPos>9</YPos>
    <ManagerCamera />
    <ZPos>0</ZPos>
    <TileFrames>
      <TileFrame>
        <TextureXPos>1</TextureXPos>
        <TextureYPos>6</TextureYPos>
      </TileFrame>
    </TileFrames>
    <AnimationSpeed>0</AnimationSpeed>
    <TextureName>overworld_tiles</TextureName>
  </TileGraphic>
  <TileGraphic>
    <XPos>2</XPos>
    <YPos>8</YPos>
    <ManagerCamera />
    <ZPos>0</ZPos>
    <TileFrames>
      <TileFrame>
        <TextureXPos>1</TextureXPos>
        <TextureYPos>6</TextureYPos>
      </TileFrame>
    </TileFrames>
    <AnimationSpeed>0</AnimationSpeed>
    <TextureName>overworld_tiles</TextureName>
  </TileGraphic>
  <TileGraphic>
    <XPos>2</XPos>
    <YPos>9</YPos>
    <ManagerCamera />
    <ZPos>0</ZPos>
    <TileFrames>
      <TileFrame>
        <TextureXPos>1</TextureXPos>
        <TextureYPos>6</TextureYPos>
      </TileFrame>
    </TileFrames>
    <AnimationSpeed>0</AnimationSpeed>
    <TextureName>overworld_tiles</TextureName>
  </TileGraphic>
  <TileGraphic>
    <XPos>3</XPos>
    <YPos>11</YPos>
    <ManagerCamera />
    <ZPos>0</ZPos>
    <TileFrames>
      <TileFrame>
        <TextureXPos>1</TextureXPos>
        <TextureYPos>6</TextureYPos>
      </TileFrame>
    </TileFrames>
    <AnimationSpeed>0</AnimationSpeed>
    <TextureName>overworld_tiles</TextureName>
  </TileGraphic>
  <TileGraphic>
    <XPos>4</XPos>
    <YPos>10</YPos>
    <ManagerCamera />
    <ZPos>0</ZPos>
    <TileFrames>
      <TileFrame>
        <TextureXPos>1</TextureXPos>
        <TextureYPos>6</TextureYPos>
      </TileFrame>
    </TileFrames>
    <AnimationSpeed>0</AnimationSpeed>
    <TextureName>overworld_tiles</TextureName>
  </TileGraphic>
  <TileGraphic>
    <XPos>3</XPos>
    <YPos>10</YPos>
    <ManagerCamera />
    <ZPos>0</ZPos>
    <TileFrames>
      <TileFrame>
        <TextureXPos>1</TextureXPos>
        <TextureYPos>6</TextureYPos>
      </TileFrame>
    </TileFrames>
    <AnimationSpeed>0</AnimationSpeed>
    <TextureName>overworld_tiles</TextureName>
  </TileGraphic>
  <TileGraphic>
    <XPos>2</XPos>
    <YPos>11</YPos>
    <ManagerCamera />
    <ZPos>0</ZPos>
    <TileFrames>
      <TileFrame>
        <TextureXPos>1</TextureXPos>
        <TextureYPos>6</TextureYPos>
      </TileFrame>
    </TileFrames>
    <AnimationSpeed>0</AnimationSpeed>
    <TextureName>overworld_tiles</TextureName>
  </TileGraphic>
  <TileGraphic>
    <XPos>2</XPos>
    <YPos>10</YPos>
    <ManagerCamera />
    <ZPos>0</ZPos>
    <TileFrames>
      <TileFrame>
        <TextureXPos>1</TextureXPos>
        <TextureYPos>6</TextureYPos>
      </TileFrame>
    </TileFrames>
    <AnimationSpeed>0</AnimationSpeed>
    <TextureName>overworld_tiles</TextureName>
  </TileGraphic>
  <TileGraphic>
    <XPos>1</XPos>
    <YPos>10</YPos>
    <ManagerCamera />
    <ZPos>0</ZPos>
    <TileFrames>
      <TileFrame>
        <TextureXPos>1</TextureXPos>
        <TextureYPos>6</TextureYPos>
      </TileFrame>
    </TileFrames>
    <AnimationSpeed>0</AnimationSpeed>
    <TextureName>overworld_tiles</TextureName>
  </TileGraphic>
  <TileGraphic>
    <XPos>7</XPos>
    <YPos>10</YPos>
    <ManagerCamera />
    <ZPos>0</ZPos>
    <TileFrames>
      <TileFrame>
        <TextureXPos>1</TextureXPos>
        <TextureYPos>6</TextureYPos>
      </TileFrame>
    </TileFrames>
    <AnimationSpeed>0</AnimationSpeed>
    <TextureName>overworld_tiles</TextureName>
  </TileGraphic>
  <TileGraphic>
    <XPos>2</XPos>
    <YPos>12</YPos>
    <ManagerCamera />
    <ZPos>0</ZPos>
    <TileFrames>
      <TileFrame>
        <TextureXPos>1</TextureXPos>
        <TextureYPos>6</TextureYPos>
      </TileFrame>
    </TileFrames>
    <AnimationSpeed>0</AnimationSpeed>
    <TextureName>overworld_tiles</TextureName>
  </TileGraphic>
  <TileGraphic>
    <XPos>1</XPos>
    <YPos>12</YPos>
    <ManagerCamera />
    <ZPos>0</ZPos>
    <TileFrames>
      <TileFrame>
        <TextureXPos>1</TextureXPos>
        <TextureYPos>6</TextureYPos>
      </TileFrame>
    </TileFrames>
    <AnimationSpeed>0</AnimationSpeed>
    <TextureName>overworld_tiles</TextureName>
  </TileGraphic>
  <TileGraphic>
    <XPos>1</XPos>
    <YPos>13</YPos>
    <ManagerCamera />
    <ZPos>0</ZPos>
    <TileFrames>
      <TileFrame>
        <TextureXPos>1</TextureXPos>
        <TextureYPos>6</TextureYPos>
      </TileFrame>
    </TileFrames>
    <AnimationSpeed>0</AnimationSpeed>
    <TextureName>overworld_tiles</TextureName>
  </TileGraphic>
  <TileGraphic>
    <XPos>5</XPos>
    <YPos>14</YPos>
    <ManagerCamera />
    <ZPos>0</ZPos>
    <TileFrames>
      <TileFrame>
        <TextureXPos>1</TextureXPos>
        <TextureYPos>6</TextureYPos>
      </TileFrame>
    </TileFrames>
    <AnimationSpeed>0</AnimationSpeed>
    <TextureName>overworld_tiles</TextureName>
  </TileGraphic>
  <TileGraphic>
    <XPos>6</XPos>
    <YPos>14</YPos>
    <ManagerCamera />
    <ZPos>0</ZPos>
    <TileFrames>
      <TileFrame>
        <TextureXPos>1</TextureXPos>
        <TextureYPos>6</TextureYPos>
      </TileFrame>
    </TileFrames>
    <AnimationSpeed>0</AnimationSpeed>
    <TextureName>overworld_tiles</TextureName>
  </TileGraphic>
  <TileGraphic>
    <XPos>7</XPos>
    <YPos>14</YPos>
    <ManagerCamera />
    <ZPos>0</ZPos>
    <TileFrames>
      <TileFrame>
        <TextureXPos>1</TextureXPos>
        <TextureYPos>6</TextureYPos>
      </TileFrame>
    </TileFrames>
    <AnimationSpeed>0</AnimationSpeed>
    <TextureName>overworld_tiles</TextureName>
  </TileGraphic>
  <TileGraphic>
    <XPos>7</XPos>
    <YPos>13</YPos>
    <ManagerCamera />
    <ZPos>0</ZPos>
    <TileFrames>
      <TileFrame>
        <TextureXPos>1</TextureXPos>
        <TextureYPos>6</TextureYPos>
      </TileFrame>
    </TileFrames>
    <AnimationSpeed>0</AnimationSpeed>
    <TextureName>overworld_tiles</TextureName>
  </TileGraphic>
  <TileGraphic>
    <XPos>6</XPos>
    <YPos>13</YPos>
    <ManagerCamera />
    <ZPos>0</ZPos>
    <TileFrames>
      <TileFrame>
        <TextureXPos>1</TextureXPos>
        <TextureYPos>6</TextureYPos>
      </TileFrame>
    </TileFrames>
    <AnimationSpeed>0</AnimationSpeed>
    <TextureName>overworld_tiles</TextureName>
  </TileGraphic>
  <TileGraphic>
    <XPos>5</XPos>
    <YPos>13</YPos>
    <ManagerCamera />
    <ZPos>0</ZPos>
    <TileFrames>
      <TileFrame>
        <TextureXPos>1</TextureXPos>
        <TextureYPos>6</TextureYPos>
      </TileFrame>
    </TileFrames>
    <AnimationSpeed>0</AnimationSpeed>
    <TextureName>overworld_tiles</TextureName>
  </TileGraphic>
  <TileGraphic>
    <XPos>4</XPos>
    <YPos>13</YPos>
    <ManagerCamera />
    <ZPos>0</ZPos>
    <TileFrames>
      <TileFrame>
        <TextureXPos>1</TextureXPos>
        <TextureYPos>6</TextureYPos>
      </TileFrame>
    </TileFrames>
    <AnimationSpeed>0</AnimationSpeed>
    <TextureName>overworld_tiles</TextureName>
  </TileGraphic>
  <TileGraphic>
    <XPos>2</XPos>
    <YPos>13</YPos>
    <ManagerCamera />
    <ZPos>0</ZPos>
    <TileFrames>
      <TileFrame>
        <TextureXPos>1</TextureXPos>
        <TextureYPos>6</TextureYPos>
      </TileFrame>
    </TileFrames>
    <AnimationSpeed>0</AnimationSpeed>
    <TextureName>overworld_tiles</TextureName>
  </TileGraphic>
  <TileGraphic>
    <XPos>3</XPos>
    <YPos>13</YPos>
    <ManagerCamera />
    <ZPos>0</ZPos>
    <TileFrames>
      <TileFrame>
        <TextureXPos>1</TextureXPos>
        <TextureYPos>6</TextureYPos>
      </TileFrame>
    </TileFrames>
    <AnimationSpeed>0</AnimationSpeed>
    <TextureName>overworld_tiles</TextureName>
  </TileGraphic>
  <TileGraphic>
    <XPos>7</XPos>
    <YPos>12</YPos>
    <ManagerCamera />
    <ZPos>0</ZPos>
    <TileFrames>
      <TileFrame>
        <TextureXPos>1</TextureXPos>
        <TextureYPos>6</TextureYPos>
      </TileFrame>
    </TileFrames>
    <AnimationSpeed>0</AnimationSpeed>
    <TextureName>overworld_tiles</TextureName>
  </TileGraphic>
  <TileGraphic>
    <XPos>7</XPos>
    <YPos>11</YPos>
    <ManagerCamera />
    <ZPos>0</ZPos>
    <TileFrames>
      <TileFrame>
        <TextureXPos>1</TextureXPos>
        <TextureYPos>6</TextureYPos>
      </TileFrame>
    </TileFrames>
    <AnimationSpeed>0</AnimationSpeed>
    <TextureName>overworld_tiles</TextureName>
  </TileGraphic>
  <TileGraphic>
    <XPos>4</XPos>
    <YPos>11</YPos>
    <ManagerCamera />
    <ZPos>0</ZPos>
    <TileFrames>
      <TileFrame>
        <TextureXPos>1</TextureXPos>
        <TextureYPos>6</TextureYPos>
      </TileFrame>
    </TileFrames>
    <AnimationSpeed>0</AnimationSpeed>
    <TextureName>overworld_tiles</TextureName>
  </TileGraphic>
  <TileGraphic>
    <XPos>3</XPos>
    <YPos>12</YPos>
    <ManagerCamera />
    <ZPos>0</ZPos>
    <TileFrames>
      <TileFrame>
        <TextureXPos>1</TextureXPos>
        <TextureYPos>6</TextureYPos>
      </TileFrame>
    </TileFrames>
    <AnimationSpeed>0</AnimationSpeed>
    <TextureName>overworld_tiles</TextureName>
  </TileGraphic>
  <TileGraphic>
    <XPos>4</XPos>
    <YPos>12</YPos>
    <ManagerCamera />
    <ZPos>0</ZPos>
    <TileFrames>
      <TileFrame>
        <TextureXPos>1</TextureXPos>
        <TextureYPos>6</TextureYPos>
      </TileFrame>
    </TileFrames>
    <AnimationSpeed>0</AnimationSpeed>
    <TextureName>overworld_tiles</TextureName>
  </TileGraphic>
  <TileGraphic>
    <XPos>5</XPos>
    <YPos>10</YPos>
    <ManagerCamera />
    <ZPos>0</ZPos>
    <TileFrames>
      <TileFrame>
        <TextureXPos>1</TextureXPos>
        <TextureYPos>6</TextureYPos>
      </TileFrame>
    </TileFrames>
    <AnimationSpeed>0</AnimationSpeed>
    <TextureName>overworld_tiles</TextureName>
  </TileGraphic>
  <TileGraphic>
    <XPos>6</XPos>
    <YPos>10</YPos>
    <ManagerCamera />
    <ZPos>0</ZPos>
    <TileFrames>
      <TileFrame>
        <TextureXPos>1</TextureXPos>
        <TextureYPos>6</TextureYPos>
      </TileFrame>
    </TileFrames>
    <AnimationSpeed>0</AnimationSpeed>
    <TextureName>overworld_tiles</TextureName>
  </TileGraphic>
  <TileGraphic>
    <XPos>7</XPos>
    <YPos>8</YPos>
    <ManagerCamera />
    <ZPos>0</ZPos>
    <TileFrames>
      <TileFrame>
        <TextureXPos>1</TextureXPos>
        <TextureYPos>6</TextureYPos>
      </TileFrame>
    </TileFrames>
    <AnimationSpeed>0</AnimationSpeed>
    <TextureName>overworld_tiles</TextureName>
  </TileGraphic>
  <TileGraphic>
    <XPos>8</XPos>
    <YPos>8</YPos>
    <ManagerCamera />
    <ZPos>0</ZPos>
    <TileFrames>
      <TileFrame>
        <TextureXPos>1</TextureXPos>
        <TextureYPos>6</TextureYPos>
      </TileFrame>
    </TileFrames>
    <AnimationSpeed>0</AnimationSpeed>
    <TextureName>overworld_tiles</TextureName>
  </TileGraphic>
  <TileGraphic>
    <XPos>8</XPos>
    <YPos>9</YPos>
    <ManagerCamera />
    <ZPos>0</ZPos>
    <TileFrames>
      <TileFrame>
        <TextureXPos>1</TextureXPos>
        <TextureYPos>6</TextureYPos>
      </TileFrame>
    </TileFrames>
    <AnimationSpeed>0</AnimationSpeed>
    <TextureName>overworld_tiles</TextureName>
  </TileGraphic>
  <TileGraphic>
    <XPos>8</XPos>
    <YPos>10</YPos>
    <ManagerCamera />
    <ZPos>0</ZPos>
    <TileFrames>
      <TileFrame>
        <TextureXPos>1</TextureXPos>
        <TextureYPos>6</TextureYPos>
      </TileFrame>
    </TileFrames>
    <AnimationSpeed>0</AnimationSpeed>
    <TextureName>overworld_tiles</TextureName>
  </TileGraphic>
  <TileGraphic>
    <XPos>8</XPos>
    <YPos>11</YPos>
    <ManagerCamera />
    <ZPos>0</ZPos>
    <TileFrames>
      <TileFrame>
        <TextureXPos>1</TextureXPos>
        <TextureYPos>6</TextureYPos>
      </TileFrame>
    </TileFrames>
    <AnimationSpeed>0</AnimationSpeed>
    <TextureName>overworld_tiles</TextureName>
  </TileGraphic>
  <TileGraphic>
    <XPos>8</XPos>
    <YPos>12</YPos>
    <ManagerCamera />
    <ZPos>0</ZPos>
    <TileFrames>
      <TileFrame>
        <TextureXPos>1</TextureXPos>
        <TextureYPos>6</TextureYPos>
      </TileFrame>
    </TileFrames>
    <AnimationSpeed>0</AnimationSpeed>
    <TextureName>overworld_tiles</TextureName>
  </TileGraphic>
  <TileGraphic>
    <XPos>8</XPos>
    <YPos>13</YPos>
    <ManagerCamera />
    <ZPos>0</ZPos>
    <TileFrames>
      <TileFrame>
        <TextureXPos>1</TextureXPos>
        <TextureYPos>6</TextureYPos>
      </TileFrame>
    </TileFrames>
    <AnimationSpeed>0</AnimationSpeed>
    <TextureName>overworld_tiles</TextureName>
  </TileGraphic>
  <TileGraphic>
    <XPos>9</XPos>
    <YPos>13</YPos>
    <ManagerCamera />
    <ZPos>0</ZPos>
    <TileFrames>
      <TileFrame>
        <TextureXPos>1</TextureXPos>
        <TextureYPos>6</TextureYPos>
      </TileFrame>
    </TileFrames>
    <AnimationSpeed>0</AnimationSpeed>
    <TextureName>overworld_tiles</TextureName>
  </TileGraphic>
  <TileGraphic>
    <XPos>9</XPos>
    <YPos>12</YPos>
    <ManagerCamera />
    <ZPos>0</ZPos>
    <TileFrames>
      <TileFrame>
        <TextureXPos>1</TextureXPos>
        <TextureYPos>6</TextureYPos>
      </TileFrame>
    </TileFrames>
    <AnimationSpeed>0</AnimationSpeed>
    <TextureName>overworld_tiles</TextureName>
  </TileGraphic>
  <TileGraphic>
    <XPos>9</XPos>
    <YPos>11</YPos>
    <ManagerCamera />
    <ZPos>0</ZPos>
    <TileFrames>
      <TileFrame>
        <TextureXPos>1</TextureXPos>
        <TextureYPos>6</TextureYPos>
      </TileFrame>
    </TileFrames>
    <AnimationSpeed>0</AnimationSpeed>
    <TextureName>overworld_tiles</TextureName>
  </TileGraphic>
  <TileGraphic>
    <XPos>9</XPos>
    <YPos>10</YPos>
    <ManagerCamera />
    <ZPos>0</ZPos>
    <TileFrames>
      <TileFrame>
        <TextureXPos>1</TextureXPos>
        <TextureYPos>6</TextureYPos>
      </TileFrame>
    </TileFrames>
    <AnimationSpeed>0</AnimationSpeed>
    <TextureName>overworld_tiles</TextureName>
  </TileGraphic>
  <TileGraphic>
    <XPos>9</XPos>
    <YPos>9</YPos>
    <ManagerCamera />
    <ZPos>0</ZPos>
    <TileFrames>
      <TileFrame>
        <TextureXPos>1</TextureXPos>
        <TextureYPos>6</TextureYPos>
      </TileFrame>
    </TileFrames>
    <AnimationSpeed>0</AnimationSpeed>
    <TextureName>overworld_tiles</TextureName>
  </TileGraphic>
  <TileGraphic>
    <XPos>9</XPos>
    <YPos>8</YPos>
    <ManagerCamera />
    <ZPos>0</ZPos>
    <TileFrames>
      <TileFrame>
        <TextureXPos>1</TextureXPos>
        <TextureYPos>6</TextureYPos>
      </TileFrame>
    </TileFrames>
    <AnimationSpeed>0</AnimationSpeed>
    <TextureName>overworld_tiles</TextureName>
  </TileGraphic>
  <TileGraphic>
    <XPos>7</XPos>
    <YPos>9</YPos>
    <ManagerCamera />
    <ZPos>0</ZPos>
    <TileFrames>
      <TileFrame>
        <TextureXPos>1</TextureXPos>
        <TextureYPos>6</TextureYPos>
      </TileFrame>
    </TileFrames>
    <AnimationSpeed>0</AnimationSpeed>
    <TextureName>overworld_tiles</TextureName>
  </TileGraphic>
  <TileGraphic>
    <XPos>6</XPos>
    <YPos>9</YPos>
    <ManagerCamera />
    <ZPos>0</ZPos>
    <TileFrames>
      <TileFrame>
        <TextureXPos>1</TextureXPos>
        <TextureYPos>6</TextureYPos>
      </TileFrame>
    </TileFrames>
    <AnimationSpeed>0</AnimationSpeed>
    <TextureName>overworld_tiles</TextureName>
  </TileGraphic>
  <TileGraphic>
    <XPos>5</XPos>
    <YPos>9</YPos>
    <ManagerCamera />
    <ZPos>0</ZPos>
    <TileFrames>
      <TileFrame>
        <TextureXPos>1</TextureXPos>
        <TextureYPos>6</TextureYPos>
      </TileFrame>
    </TileFrames>
    <AnimationSpeed>0</AnimationSpeed>
    <TextureName>overworld_tiles</TextureName>
  </TileGraphic>
  <TileGraphic>
    <XPos>4</XPos>
    <YPos>9</YPos>
    <ManagerCamera />
    <ZPos>0</ZPos>
    <TileFrames>
      <TileFrame>
        <TextureXPos>1</TextureXPos>
        <TextureYPos>6</TextureYPos>
      </TileFrame>
    </TileFrames>
    <AnimationSpeed>0</AnimationSpeed>
    <TextureName>overworld_tiles</TextureName>
  </TileGraphic>
  <TileGraphic>
    <XPos>3</XPos>
    <YPos>9</YPos>
    <ManagerCamera />
    <ZPos>0</ZPos>
    <TileFrames>
      <TileFrame>
        <TextureXPos>1</TextureXPos>
        <TextureYPos>6</TextureYPos>
      </TileFrame>
    </TileFrames>
    <AnimationSpeed>0</AnimationSpeed>
    <TextureName>overworld_tiles</TextureName>
  </TileGraphic>
  <TileGraphic>
    <XPos>1</XPos>
    <YPos>11</YPos>
    <ManagerCamera />
    <ZPos>0</ZPos>
    <TileFrames>
      <TileFrame>
        <TextureXPos>1</TextureXPos>
        <TextureYPos>6</TextureYPos>
      </TileFrame>
    </TileFrames>
    <AnimationSpeed>0</AnimationSpeed>
    <TextureName>overworld_tiles</TextureName>
  </TileGraphic>
  <TileGraphic>
    <XPos>0</XPos>
    <YPos>11</YPos>
    <ManagerCamera />
    <ZPos>0</ZPos>
    <TileFrames>
      <TileFrame>
        <TextureXPos>1</TextureXPos>
        <TextureYPos>6</TextureYPos>
      </TileFrame>
    </TileFrames>
    <AnimationSpeed>0</AnimationSpeed>
    <TextureName>overworld_tiles</TextureName>
  </TileGraphic>
  <TileGraphic>
    <XPos>0</XPos>
    <YPos>12</YPos>
    <ManagerCamera />
    <ZPos>0</ZPos>
    <TileFrames>
      <TileFrame>
        <TextureXPos>1</TextureXPos>
        <TextureYPos>6</TextureYPos>
      </TileFrame>
    </TileFrames>
    <AnimationSpeed>0</AnimationSpeed>
    <TextureName>overworld_tiles</TextureName>
  </TileGraphic>
  <TileGraphic>
    <XPos>0</XPos>
    <YPos>13</YPos>
    <ManagerCamera />
    <ZPos>0</ZPos>
    <TileFrames>
      <TileFrame>
        <TextureXPos>1</TextureXPos>
        <TextureYPos>6</TextureYPos>
      </TileFrame>
    </TileFrames>
    <AnimationSpeed>0</AnimationSpeed>
    <TextureName>overworld_tiles</TextureName>
  </TileGraphic>
  <TileGraphic>
    <XPos>4</XPos>
    <YPos>14</YPos>
    <ManagerCamera />
    <ZPos>0</ZPos>
    <TileFrames>
      <TileFrame>
        <TextureXPos>1</TextureXPos>
        <TextureYPos>6</TextureYPos>
      </TileFrame>
    </TileFrames>
    <AnimationSpeed>0</AnimationSpeed>
    <TextureName>overworld_tiles</TextureName>
  </TileGraphic>
  <TileGraphic>
    <XPos>3</XPos>
    <YPos>14</YPos>
    <ManagerCamera />
    <ZPos>0</ZPos>
    <TileFrames>
      <TileFrame>
        <TextureXPos>1</TextureXPos>
        <TextureYPos>6</TextureYPos>
      </TileFrame>
    </TileFrames>
    <AnimationSpeed>0</AnimationSpeed>
    <TextureName>overworld_tiles</TextureName>
  </TileGraphic>
  <TileGraphic>
    <XPos>2</XPos>
    <YPos>14</YPos>
    <ManagerCamera />
    <ZPos>0</ZPos>
    <TileFrames>
      <TileFrame>
        <TextureXPos>1</TextureXPos>
        <TextureYPos>6</TextureYPos>
      </TileFrame>
    </TileFrames>
    <AnimationSpeed>0</AnimationSpeed>
    <TextureName>overworld_tiles</TextureName>
  </TileGraphic>
  <TileGraphic>
    <XPos>1</XPos>
    <YPos>14</YPos>
    <ManagerCamera />
    <ZPos>0</ZPos>
    <TileFrames>
      <TileFrame>
        <TextureXPos>1</TextureXPos>
        <TextureYPos>6</TextureYPos>
      </TileFrame>
    </TileFrames>
    <AnimationSpeed>0</AnimationSpeed>
    <TextureName>overworld_tiles</TextureName>
  </TileGraphic>
  <TileGraphic>
    <XPos>0</XPos>
    <YPos>14</YPos>
    <ManagerCamera />
    <ZPos>0</ZPos>
    <TileFrames>
      <TileFrame>
        <TextureXPos>1</TextureXPos>
        <TextureYPos>6</TextureYPos>
      </TileFrame>
    </TileFrames>
    <AnimationSpeed>0</AnimationSpeed>
    <TextureName>overworld_tiles</TextureName>
  </TileGraphic>
  <TileGraphic>
    <XPos>0</XPos>
    <YPos>15</YPos>
    <ManagerCamera />
    <ZPos>0</ZPos>
    <TileFrames>
      <TileFrame>
        <TextureXPos>1</TextureXPos>
        <TextureYPos>6</TextureYPos>
      </TileFrame>
    </TileFrames>
    <AnimationSpeed>0</AnimationSpeed>
    <TextureName>overworld_tiles</TextureName>
  </TileGraphic>
  <TileGraphic>
    <XPos>1</XPos>
    <YPos>15</YPos>
    <ManagerCamera />
    <ZPos>0</ZPos>
    <TileFrames>
      <TileFrame>
        <TextureXPos>1</TextureXPos>
        <TextureYPos>6</TextureYPos>
      </TileFrame>
    </TileFrames>
    <AnimationSpeed>0</AnimationSpeed>
    <TextureName>overworld_tiles</TextureName>
  </TileGraphic>
  <TileGraphic>
    <XPos>8</XPos>
    <YPos>15</YPos>
    <ManagerCamera />
    <ZPos>0</ZPos>
    <TileFrames>
      <TileFrame>
        <TextureXPos>1</TextureXPos>
        <TextureYPos>6</TextureYPos>
      </TileFrame>
    </TileFrames>
    <AnimationSpeed>0</AnimationSpeed>
    <TextureName>overworld_tiles</TextureName>
  </TileGraphic>
  <TileGraphic>
    <XPos>9</XPos>
    <YPos>15</YPos>
    <ManagerCamera />
    <ZPos>0</ZPos>
    <TileFrames>
      <TileFrame>
        <TextureXPos>1</TextureXPos>
        <TextureYPos>6</TextureYPos>
      </TileFrame>
    </TileFrames>
    <AnimationSpeed>0</AnimationSpeed>
    <TextureName>overworld_tiles</TextureName>
  </TileGraphic>
  <TileGraphic>
    <XPos>9</XPos>
    <YPos>14</YPos>
    <ManagerCamera />
    <ZPos>0</ZPos>
    <TileFrames>
      <TileFrame>
        <TextureXPos>1</TextureXPos>
        <TextureYPos>6</TextureYPos>
      </TileFrame>
    </TileFrames>
    <AnimationSpeed>0</AnimationSpeed>
    <TextureName>overworld_tiles</TextureName>
  </TileGraphic>
  <TileGraphic>
    <XPos>8</XPos>
    <YPos>14</YPos>
    <ManagerCamera />
    <ZPos>0</ZPos>
    <TileFrames>
      <TileFrame>
        <TextureXPos>1</TextureXPos>
        <TextureYPos>6</TextureYPos>
      </TileFrame>
    </TileFrames>
    <AnimationSpeed>0</AnimationSpeed>
    <TextureName>overworld_tiles</TextureName>
  </TileGraphic>
  <TileGraphic>
    <XPos>7</XPos>
    <YPos>15</YPos>
    <ManagerCamera />
    <ZPos>0</ZPos>
    <TileFrames>
      <TileFrame>
        <TextureXPos>1</TextureXPos>
        <TextureYPos>6</TextureYPos>
      </TileFrame>
    </TileFrames>
    <AnimationSpeed>0</AnimationSpeed>
    <TextureName>overworld_tiles</TextureName>
  </TileGraphic>
  <TileGraphic>
    <XPos>6</XPos>
    <YPos>15</YPos>
    <ManagerCamera />
    <ZPos>0</ZPos>
    <TileFrames>
      <TileFrame>
        <TextureXPos>1</TextureXPos>
        <TextureYPos>6</TextureYPos>
      </TileFrame>
    </TileFrames>
    <AnimationSpeed>0</AnimationSpeed>
    <TextureName>overworld_tiles</TextureName>
  </TileGraphic>
  <TileGraphic>
    <XPos>5</XPos>
    <YPos>15</YPos>
    <ManagerCamera />
    <ZPos>0</ZPos>
    <TileFrames>
      <TileFrame>
        <TextureXPos>1</TextureXPos>
        <TextureYPos>6</TextureYPos>
      </TileFrame>
    </TileFrames>
    <AnimationSpeed>0</AnimationSpeed>
    <TextureName>overworld_tiles</TextureName>
  </TileGraphic>
  <TileGraphic>
    <XPos>4</XPos>
    <YPos>15</YPos>
    <ManagerCamera />
    <ZPos>0</ZPos>
    <TileFrames>
      <TileFrame>
        <TextureXPos>1</TextureXPos>
        <TextureYPos>6</TextureYPos>
      </TileFrame>
    </TileFrames>
    <AnimationSpeed>0</AnimationSpeed>
    <TextureName>overworld_tiles</TextureName>
  </TileGraphic>
  <TileGraphic>
    <XPos>3</XPos>
    <YPos>15</YPos>
    <ManagerCamera />
    <ZPos>0</ZPos>
    <TileFrames>
      <TileFrame>
        <TextureXPos>1</TextureXPos>
        <TextureYPos>6</TextureYPos>
      </TileFrame>
    </TileFrames>
    <AnimationSpeed>0</AnimationSpeed>
    <TextureName>overworld_tiles</TextureName>
  </TileGraphic>
  <TileGraphic>
    <XPos>2</XPos>
    <YPos>15</YPos>
    <ManagerCamera />
    <ZPos>0</ZPos>
    <TileFrames>
      <TileFrame>
        <TextureXPos>1</TextureXPos>
        <TextureYPos>6</TextureYPos>
      </TileFrame>
    </TileFrames>
    <AnimationSpeed>0</AnimationSpeed>
    <TextureName>overworld_tiles</TextureName>
  </TileGraphic>
  <TileGraphic>
    <XPos>5</XPos>
    <YPos>11</YPos>
    <ManagerCamera />
    <ZPos>0</ZPos>
    <TileFrames>
      <TileFrame>
        <TextureXPos>8</TextureXPos>
        <TextureYPos>7</TextureYPos>
      </TileFrame>
    </TileFrames>
    <AnimationSpeed>0</AnimationSpeed>
    <TextureName>overworld_tiles</TextureName>
  </TileGraphic>
  <TileGraphic>
    <XPos>6</XPos>
    <YPos>11</YPos>
    <ManagerCamera />
    <ZPos>0</ZPos>
    <TileFrames>
      <TileFrame>
        <TextureXPos>9</TextureXPos>
        <TextureYPos>7</TextureYPos>
      </TileFrame>
    </TileFrames>
    <AnimationSpeed>0</AnimationSpeed>
    <TextureName>overworld_tiles</TextureName>
  </TileGraphic>
  <TileGraphic>
    <XPos>5</XPos>
    <YPos>12</YPos>
    <ManagerCamera />
    <ZPos>0</ZPos>
    <TileFrames>
      <TileFrame>
        <TextureXPos>8</TextureXPos>
        <TextureYPos>8</TextureYPos>
      </TileFrame>
    </TileFrames>
    <AnimationSpeed>0</AnimationSpeed>
    <TextureName>overworld_tiles</TextureName>
  </TileGraphic>
  <TileGraphic>
    <XPos>6</XPos>
    <YPos>12</YPos>
    <ManagerCamera />
    <ZPos>0</ZPos>
    <TileFrames>
      <TileFrame>
        <TextureXPos>9</TextureXPos>
        <TextureYPos>8</TextureYPos>
      </TileFrame>
    </TileFrames>
    <AnimationSpeed>0</AnimationSpeed>
    <TextureName>overworld_tiles</TextureName>
  </TileGraphic>
</ArrayOfTileGraphic>